<!DOCTYPE html>
<html lang="en">
<head>
    <meta charset="UTF-8">
    <title>Skrooge</title>
    <script type="text/javascript" src="../public/vendor/d3.min.js"></script>
    <script type="text/javascript" src="../public/vendor/c3.min.js"></script>
    <link href="../public/vendor/c3.min.css" rel="stylesheet" type="text/css">
    <link href="../public/vendor/bootstrap.min.css" rel="stylesheet" type="text/css">
    <link href="../public/skrooge.css" rel="stylesheet" type="text/css">
</head>
<body id="body">
    <h1>S K R O O G E</h1>

    <h1><span class="month">April</span> <span class="year">2017</span><span class="month-number" hidden>4</span></h1>
    <div>
        
            <span><a href="?year=2017&month=4">2017</a></span>
        
            <span><a href="?year=2018&month=4">2018</a></span>
        
            <span><a href="?year=2019&month=4">2019</a></span>
        
    </div>

    <div>
        
            <span><a href="?year=2017&month=1">1</a></span>
        
            <span><a href="?year=2017&month=2">2</a></span>
        
            <span><a href="?year=2017&month=3">3</a></span>
        
            <span><a href="?year=2017&month=4">4</a></span>
        
            <span><a href="?year=2017&month=5">5</a></span>
        
            <span><a href="?year=2017&month=6">6</a></span>
        
            <span><a href="?year=2017&month=7">7</a></span>
        
            <span><a href="?year=2017&month=8">8</a></span>
        
            <span><a href="?year=2017&month=9">9</a></span>
        
            <span><a href="?year=2017&month=10">10</a></span>
        
            <span><a href="?year=2017&month=11">11</a></span>
        
            <span><a href="?year=2017&month=12">12</a></span>
        
    </div>

    <div id="month-unavailable"></div>
    <div id="annual-overview"></div>
    <div id="month-overview"></div>
    <div id="month-breakdown"></div>
    <div id="in-your-home"></div>
    <div id="insurance"></div>
    <div id="eats-and-drinks"></div>
    <div id="motoring-and-public-transport"></div>
    <div id="savings-and-investments"></div>
    <div id="family"></div>
    <div id="fun"></div>
    <div id="health-and-beauty"></div>
    <div id="clothes"></div>
    <div id="big-one-offs"></div>
    <div id="odds-and-sods"></div>
    <div id="refurbishments"></div>

    <script type="text/javascript" src="../public/bundle.js"></script>
</body>
</html>
