{
  "year": 2017,
  "month": "October",
  "monthNumber": 10,
  "aggregateOverview": {
    "title": "Aggregated Overview",
    "data": {
      "name": "Overview",
      "actual": 200.00,
      "yearToDateActual": 200.00,
      "budget": 599.00,
      "yearToDateBudget": 5990.00,
      "annualBudget": 7188.00
    }
  },
  "overview": {
    "title": "Overview",
    "data": [
      {
        "name": "In your home",
        "actual": 200.00,
        "budget": 49.00
      },
      {
        "name": "Insurance",
        "actual": 0.00,
        "budget": 33.00
      },
      {
        "name": "Eats and drinks",
        "actual": 0.00,
        "budget": 42.00
      },
      {
        "name": "Motoring and public transport",
        "actual": 0.00,
        "budget": 51.00
      },
      {
        "name": "Savings and investments",
        "actual": 0.00,
        "budget": 19.00
      },
      {
        "name": "Family",
        "actual": 0.00,
        "budget": 63.00
      },
      {
        "name": "Fun",
        "actual": 0.00,
        "budget": 47.00
      },
      {
        "name": "Health and beauty",
        "actual": 0.00,
        "budget": 78.00
      },
      {
        "name": "Clothes",
        "actual": 0.00,
        "budget": 28.00
      },
      {
        "name": "Big one offs",
        "actual": 0.00,
        "budget": 122.00
      },
      {
        "name": "Odds and sods",
        "actual": 0.00,
        "budget": 33.00
      },
      {
        "name": "Refurbishments",
        "actual": 0.00,
        "budget": 34.00
      }
    ]
  },
  "categories": [
    {
      "title": "In your home",
      "data": [
        {
          "name": "Mortgage",
          "actual": 0.00,
          "budget": 1.00
        },
        {
          "name": "Building insurance",
          "actual": 200.00,
          "budget": 2.00
        },
        {
          "name": "Council tax",
          "actual": 0.00,
          "budget": 3.00
        },
        {
          "name": "Water rates",
          "actual": 0.00,
          "budget": 4.00
        },
        {
          "name": "Gas",
          "actual": 0.00,
          "budget": 4.00
        },
        {
          "name": "Electricity",
          "actual": 0.00,
          "budget": 5.00
        },
        {
          "name": "Household maintenance",
          "actual": 0.00,
          "budget": 6.00
        },
        {
          "name": "Internet",
          "actual": 0.00,
          "budget": 7.00
        },
        {
          "name": "TV Licence",
          "actual": 0.00,
          "budget": 8.00
        },
        {
          "name": "Mobile phone",
          "actual": 0.00,
          "budget": 9.00
        }
      ]
    },
    {
      "title": "Insurance",
      "data": [
        {
          "name": "Travel insurance",
          "actual": 0.00,
          "budget": 10.00
        },
        {
          "name": "Income protection",
          "actual": 0.00,
          "budget": 11.00
        },
        {
          "name": "Life insurance",
          "actual": 0.00,
          "budget": 12.00
        }
      ]
    },
    {
      "title": "Eats and drinks",
      "data": [
        {
          "name": "Food",
          "actual": 0.00,
          "budget": 13.00
        },
        {
          "name": "Eating out",
          "actual": 0.00,
          "budget": 14.00
        },
        {
          "name": "Meals at work",
          "actual": 0.00,
          "budget": 15.00
        }
      ]
    },
    {
      "title": "Motoring and public transport",
      "data": [
        {
          "name": "Rail/bus/taxi",
          "actual": 0.00,
          "budget": 16.00
        },
        {
          "name": "Car club subscription",
          "actual": 0.00,
          "budget": 17.00
        },
        {
          "name": "Car club hires",
          "actual": 0.00,
          "budget": 18.00
        }
      ]
    },
    {
      "title": "Savings and investments",
      "data": [
        {
          "name": "Pension payments",
          "actual": 0.00,
          "budget": 19.00
        }
      ]
    },
    {
      "title": "Family",
      "data": [
        {
          "name": "Childcare",
          "actual": 0.00,
          "budget": 20.00
        },
        {
          "name": "Nappies/baby extras",
          "actual": 0.00,
          "budget": 21.00
        },
        {
          "name": "Bert activities",
          "actual": 0.00,
          "budget": 22.00
        }
      ]
    },
    {
      "title": "Fun",
      "data": [
        {
          "name": "Bob fun budget",
          "actual": 0.00,
          "budget": 23.00
        },
        {
          "name": "Bill fun budget",
          "actual": 0.00,
          "budget": 24.00
        }
      ]
    },
    {
      "title": "Health and beauty",
      "data": [
        {
          "name": "Dentistry",
          "actual": 0.00,
          "budget": 25.00
        },
        {
          "name": "Haircuts",
          "actual": 0.00,
          "budget": 26.00
        },
        {
          "name": "Optical bills",
          "actual": 0.00,
          "budget": 27.00
        }
      ]
    },
    {
      "title": "Clothes",
      "data": [
        {
          "name": "Bert clothes",
          "actual": 0.00,
          "budget": 28.00
        }
      ]
    },
    {
      "title": "Big one offs",
      "data": [
        {
          "name": "Christmas",
          "actual": 0.00,
          "budget": 29.00
        },
        {
          "name": "Summer holiday",
          "actual": 0.00,
          "budget": 30.00
        },
        {
          "name": "Winter holiday",
          "actual": 0.00,
          "budget": 31.00
        },
        {
          "name": "Birthdays",
          "actual": 0.00,
          "budget": 32.00
        }
      ]
    },
    {
      "title": "Odds and sods",
      "data": [
        {
          "name": "Charity donations",
          "actual": 0.00,
          "budget": 33.00
        }
      ]
    },
    {
      "title": "Refurbishments",
      "data": [
        {
          "name": "Refurbishments",
          "actual": 0.00,
          "budget": 34.00
        }
      ]
    }
  ]
}