{
  "year": 2017,
  "month": "October",
  "monthNumber": 10,
  "aggregateOverview": {
    "title": "Aggregated Overview",
    "data": {
      "name": "Overview",
      "actual": 200.0,
      "yearToDateActual": 200.0,
      "budget": 599.0,
      "yearToDateBudget": 5990.0,
      "annualBudget": 7188.0
    }
  },
  "overview": {
    "title": "Overview",
    "data": [
      {
        "name": "Building insurance",
        "actual": 200.0,
        "budget": 2.0
      }
    ]
  },
  "categories": [
    {
      "title": "In your home",
      "data": [
        {
          "name": "Building insurance",
          "actual": 200.0,
          "budget": 2.0
        }
      ]
    }
  ]
}