{
  "year": 2017,
  "month": "October",
  "monthNumber": 10,
  "aggregateOverview": {
    "title": "Aggregated Overview",
    "data": {
      "name": "Overview",
      "actual": 550.0,
      "yearToDateActual": 550.0,
      "budget": 599.0,
      "yearToDateBudget": 5990.0,
      "annualBudget": 7188.0
    }
  },
  "overview": {
    "title": "Overview",
    "data": [
      {
        "name": "In your home",
        "actual": 550.0,
        "budget": 3.0
      }
    ]
  },
  "categories": [
    {
      "title": "In your home",
      "data": [
        {
          "name": "Building insurance",
          "actual": 250.0,
          "budget": 2.0
        },
        {
          "name": "Mortgage",
          "actual": 300.0,
          "budget": 1.0
        }
      ]
    }
  ],
  "years": [
    2017,
    2018
  ],
  "months": [
    1,
    2,
    3,
    4,
    5,
    6,
    7,
    8,
    9,
    10,
    11,
    12
  ]
}