<!DOCTYPE html>
<html lang="en">
<head>
    <meta charset="UTF-8">
    <title>Skrooge</title>
    <link href="public/vendor/bootstrap.min.css" rel="stylesheet" type="text/css">
</head>
<body>
    <h1>Please review your categorisations for EmptyStatement</h1>
    <form action="statement-decisions" method="post">
        
        <input type="hidden" name="year" value="2017">
        <input type="hidden" name="month" value="September">
        <input type="hidden" name="user" value="Tom">
        <input type="hidden" name="statement-name" value="EmptyStatement">
        <div class="button">
            <button type="submit">Confirm</button>
        </div>
    </form>
</body>
</html>