{
  "year": 2017,
  "month": "October",
  "monthNumber": 10,
  "aggregateOverview": {
    "title": "Aggregated Overview",
    "data": [
      {
        "name": "Overview",
        "actual": 550.0,
        "budget": 599.0
      }
    ]
  },
  "overview": {
    "title": "Overview",
    "data": [
      {
        "name": "In your home",
        "actual": 550.0,
        "budget": 3.0
      }
    ]
  },
  "categories": [
    {
      "title": "In your home",
      "data": [
        {
          "name": "Building insurance",
          "actual": 250.0,
          "budget": 2.0
        },
        {
          "name": "Mortgage",
          "actual": 300.0,
          "budget": 1.0
        }
      ]
    }
  ]
}